exports[`Greeting should map props correctly 1`] = `
<View
  style={
    Array [
      Object {
        "backgroundColor": "#fff",
        "flex": 1,
      },
      undefined,
    ]
  }>
  <View
    style={
      Array [
        Object {
          "backgroundColor": "#fff",
          "flex": 1,
        },
        Object {
          "justifyContent": "space-around",
        },
      ]
    }>
    <View
      style={
        Object {
          "alignItems": "center",
        }
      }>
      <Image
        source={1}
        style={
          Object {
            "height": 120,
            "width": 120,
          }
        } />
    </View>
    <Text
      accessible={true}
      allowFontScaling={true}
      ellipsizeMode="tail"
      style={
        Array [
          Object {
            "color": "#003035",
            "fontFamily": "Brandon Text",
          },
          Object {
            "fontSize": 13,
            "textAlign": "center",
          },
          Object {
            "color": "#022428",
            "fontFamily": "Brandon Text_medium",
            "fontSize": 32,
            "fontWeight": "400",
          },
        ]
      }>
      Welcome 
      Jeff
    </Text>
    <Text
      accessible={true}
      allowFontScaling={true}
      ellipsizeMode="tail"
      style={
        Array [
          Object {
            "color": "#003035",
            "fontFamily": "Brandon Text",
          },
          Object {
            "fontSize": 13,
            "textAlign": "center",
          },
          Object {
            "color": "#80979a",
            "fontSize": 18,
            "paddingLeft": 24,
            "paddingRight": 24,
          },
        ]
      }>
      Help build a vibrant mentor community. Complete your profile to allow others learn more about you.
    </Text>
    <TouchableNativeFeedback
      onPress={[Function]}>
      <View
        style={
          Array [
            Object {
              "alignItems": "center",
              "borderRadius": 5,
              "justifyContent": "center",
              "marginHorizontal": 16,
              "paddingBottom": 17,
              "paddingTop": 15,
            },
            Object {
              "backgroundColor": "#f77040",
            },
            undefined,
            undefined,
            undefined,
          ]
        }>
        <Text
          accessible={true}
          allowFontScaling={true}
          ellipsizeMode="tail"
          style={
            Array [
              Object {
                "color": "#003035",
                "fontFamily": "Brandon Text",
              },
              Object {
                "fontSize": 13,
                "textAlign": "center",
              },
              Array [
                Object {
                  "fontFamily": "Brandon Text_bold",
                  "fontSize": 13,
                  "fontWeight": "bold",
                  "letterSpacing": 1,
                },
                Object {
                  "color": "#ffffff",
                },
                undefined,
                undefined,
              ],
            ]
          }>
          COMPLETE PROFILE
        </Text>
      </View>
    </TouchableNativeFeedback>
  </View>
</View>
`;
