exports[`ConnectingCall should render 1`] = `
<View
  style={
    Array [
      Object {
        "backgroundColor": "#fff",
        "flex": 1
      },
      Object {
        "backgroundColor": "rgba(246, 111, 63, 0.95)"
      }
    ]
  }>
  <View
    style={
      Array [
        Object {
          "height": 72,
          "justifyContent": "center",
          "paddingLeft": 16,
          "paddingRight": 16
        },
        Object {}
      ]
    }>
    <View
      style={
        Array [
          Object {
            "alignItems": "center",
            "backgroundColor": "#ffbcbc",
            "borderColor": "red",
            "borderWidth": 1,
            "height": 100,
            "justifyContent": "center",
            "margin": 10,
            "width": 300
          },
          undefined
        ]
      }>
      <Text
        style={
          Object {
            "color": "#333333",
            "margin": 20
          }
        }>
        TouchableNativeFeedback is not supported on this platform!
      </Text>
    </View>
  </View>
  <View
    style={
      Object {
        "alignItems": "center",
        "flex": 1,
        "paddingTop": 64
      }
    }>
    <Image
      source={1}
      style={
        Object {
          "height": 80,
          "transform": Array [
            Object {
              "rotate": "0deg"
            }
          ],
          "width": 80
        }
      } />
    <Text
      style={
        Array [
          Object {
            "color": "#003035",
            "fontFamily": "Brandon Text",
            "fontSize": 13,
            "textAlign": "center"
          },
          Object {
            "color": undefined,
            "fontSize": 20
          }
        ]
      }>
      Connecting the call…
    </Text>
  </View>
</View>
`;
