exports[`NavTabBar should render 1`] = `
<View
  style={
    Object {
      "backgroundColor": "#fff",
      "borderTopColor": "#dfe5e6",
      "borderTopWidth": 1,
      "flexDirection": "row",
      "height": 56,
      "justifyContent": "space-between",
    }
  }>
  <TouchableNativeFeedback
    onPress={[Function]}>
    <View
      style={
        Object {
          "alignItems": "center",
          "flex": 1,
          "justifyContent": "center",
        }
      }>
      <Image
        source={1}
        style={undefined} />
      <Text
        accessible={true}
        allowFontScaling={true}
        ellipsizeMode="tail"
        style={
          Array [
            Object {
              "color": "#003035",
              "fontFamily": "Brandon Text",
            },
            Object {
              "fontSize": 13,
              "textAlign": "center",
            },
            Array [
              Object {
                "fontFamily": "Brandon Text_medium",
                "fontSize": 12,
                "fontWeight": "400",
              },
              Object {
                "color": "#f77040",
              },
            ],
          ]
        }>
        Journey
      </Text>
    </View>
  </TouchableNativeFeedback>
  <TouchableNativeFeedback
    onPress={[Function]}>
    <View
      style={
        Object {
          "alignItems": "center",
          "flex": 1,
          "justifyContent": "center",
        }
      }>
      <Image
        source={1}
        style={undefined} />
    </View>
  </TouchableNativeFeedback>
  <TouchableNativeFeedback
    onPress={[Function]}>
    <View
      style={
        Object {
          "alignItems": "center",
          "flex": 1,
          "justifyContent": "center",
        }
      }>
      <Image
        source={1}
        style={undefined} />
    </View>
  </TouchableNativeFeedback>
  <TouchableNativeFeedback
    onPress={[Function]}>
    <View
      style={
        Object {
          "alignItems": "center",
          "flex": 1,
          "justifyContent": "center",
        }
      }>
      <Image
        source={1}
        style={undefined} />
    </View>
  </TouchableNativeFeedback>
  <TouchableNativeFeedback
    onPress={[Function]}>
    <View
      style={
        Object {
          "alignItems": "center",
          "flex": 1,
          "justifyContent": "center",
        }
      }>
      <Image
        source={1}
        style={undefined} />
    </View>
  </TouchableNativeFeedback>
</View>
`;
