exports[`Section should render 1`] = `
<View
  style={
    Object {
      "padding": 24
    }
  }>
  <View
    style={
      Object {
        "borderBottomColor": "#dfe5e6",
        "borderBottomWidth": 1,
        "paddingBottom": 11
      }
    }>
    <Text
      style={
        Array [
          Object {
            "color": "#003035",
            "fontFamily": "Brandon Text",
            "fontSize": 13,
            "textAlign": "center"
          },
          Array [
            Object {
              "color": "#9fb1b3",
              "fontFamily": "Brandon Text_bold",
              "fontSize": 12,
              "fontWeight": "bold",
              "letterSpacing": 1,
              "textAlign": "left"
            },
            Object {}
          ]
        ]
      }>
      FOO BAR BAZ
    </Text>
  </View>
  <Text
    style={
      Array [
        Object {
          "color": "#003035",
          "fontFamily": "Brandon Text",
          "fontSize": 13,
          "textAlign": "center"
        },
        Array [
          Object {
            "fontSize": 18,
            "paddingBottom": 12,
            "paddingTop": 18,
            "textAlign": "left"
          },
          Object {}
        ]
      ]
    }>
    Lorem ipsum dolor sit amet, consectetur adipiscing elit, sed do eiusmod tempor incididuntut labore et dolore magna aliqua. Ut enim ad minim veniam, quis nostrud exercitation ullamco laboris nisi ut aliquip ex ea commodo consequat
  </Text>
</View>
`;
