exports[`MultiLineTextInput should render 1`] = `
<View
  onLayout={undefined}>
  <View
    style={
      Array [
        Object {
          "borderBottomWidth": 1,
          "borderColor": "#dfe5e6",
          "marginBottom": 27,
          "marginLeft": 24,
          "marginRight": 24,
        },
        false,
      ]
    }>
    <TextInput
      multiline={true}
      onBlur={[Function]}
      onChangeText={[Function]}
      onContentSizeChange={[Function]}
      onFocus={[Function]}
      placeholderTextColor="#c0cbcc"
      style={
        Array [
          Object {
            "color": "#003035",
            "fontFamily": "Brandon Text",
            "fontSize": 18,
            "marginBottom": 8,
            "padding": 0,
          },
          Object {
            "height": 0,
          },
        ]
      }
      uid="input"
      underlineColorAndroid="transparent" />
  </View>
</View>
`;
