exports[`Category should render 1`] = `
<View
  style={
    Array [
      Object {
        "backgroundColor": "#fff",
        "flex": 1,
      },
      undefined,
    ]
  }>
  <View
    style={
      Array [
        Object {
          "height": 72,
          "justifyContent": "center",
          "paddingLeft": 16,
          "paddingRight": 16,
        },
        Array [
          Object {
            "height": 64,
          },
          Object {
            "backgroundColor": "#97c13c",
          },
        ],
      ]
    }>
    <Text
      accessible={true}
      allowFontScaling={true}
      ellipsizeMode="tail"
      style={
        Array [
          Object {
            "color": "#003035",
            "fontFamily": "Brandon Text",
          },
          Object {
            "fontSize": 13,
            "textAlign": "center",
          },
          Array [
            Object {
              "fontFamily": "Brandon Text_medium",
              "fontSize": 20,
              "fontWeight": "400",
            },
            Object {
              "color": "#fff",
            },
          ],
        ]
      }>
      Level
    </Text>
    <TouchableNativeFeedback
      onPress={[Function]}>
      <View
        style={
          Array [
            Object {
              "position": "absolute",
              "top": 24,
            },
            Object {
              "top": 20,
            },
          ]
        }>
        <Image
          source={1}
          style={
            Array [
              Object {
                "height": 24,
                "width": 24,
              },
              Object {},
            ]
          } />
      </View>
    </TouchableNativeFeedback>
  </View>
  <View
    style={
      Array [
        Object {
          "flexDirection": "row",
          "height": 40,
        },
        Object {
          "backgroundColor": "#97c13c",
        },
      ]
    }>
    <TouchableNativeFeedback
      onPress={[Function]}
      tabId="TAB_ACTIVITIES">
      <View
        style={
          Array [
            Object {
              "flex": 1,
            },
            Object {
              "borderBottomColor": "rgba(0, 0, 0, 0.3)",
              "borderBottomWidth": 2,
            },
          ]
        }>
        <Text
          accessible={true}
          allowFontScaling={true}
          ellipsizeMode="tail"
          style={
            Array [
              Object {
                "color": "#003035",
                "fontFamily": "Brandon Text",
              },
              Object {
                "fontSize": 13,
                "textAlign": "center",
              },
              Array [
                Object {
                  "color": "#fff",
                  "fontFamily": "Brandon Text_medium",
                  "fontSize": 16,
                  "fontWeight": "400",
                  "opacity": 0.5,
                },
                Object {
                  "opacity": 1,
                },
              ],
            ]
          }>
          Activities
        </Text>
      </View>
    </TouchableNativeFeedback>
    <TouchableNativeFeedback
      onPress={[Function]}
      tabId="TAB_ABOUT">
      <View
        style={
          Array [
            Object {
              "flex": 1,
            },
            false,
          ]
        }>
        <Text
          accessible={true}
          allowFontScaling={true}
          ellipsizeMode="tail"
          style={
            Array [
              Object {
                "color": "#003035",
                "fontFamily": "Brandon Text",
              },
              Object {
                "fontSize": 13,
                "textAlign": "center",
              },
              Array [
                Object {
                  "color": "#fff",
                  "fontFamily": "Brandon Text_medium",
                  "fontSize": 16,
                  "fontWeight": "400",
                  "opacity": 0.5,
                },
                false,
              ],
            ]
          }>
          About
        </Text>
      </View>
    </TouchableNativeFeedback>
  </View>
  <ScrollView>
    <TouchableNativeFeedback
      onPress={[Function]}
      uid="activity:1">
      <View
        style={
          Object {
            "alignItems": "flex-start",
            "borderBottomColor": "#dfe5e6",
            "borderBottomWidth": 1,
            "height": 120,
            "padding": 16,
          }
        }>
        <View
          style={
            Object {
              "position": "absolute",
              "top": 24,
            }
          }>
          <View
            style={
              Array [
                Object {
                  "alignItems": "center",
                  "borderRadius": 72,
                  "height": 72,
                  "justifyContent": "center",
                  "width": 72,
                },
                Object {
                  "backgroundColor": "#ebebeb",
                },
              ]
            }>
            <Image
              source={1}
              style={
                Object {
                  "borderRadius": 72,
                  "height": 72,
                  "width": 72,
                }
              } />
          </View>
        </View>
        <Text
          accessible={true}
          allowFontScaling={true}
          ellipsizeMode="tail"
          numberOfLines={3}
          style={
            Array [
              Object {
                "color": "#003035",
                "fontFamily": "Brandon Text",
              },
              Object {
                "fontSize": 13,
                "textAlign": "center",
              },
              Object {
                "fontSize": 18,
                "marginLeft": 104,
                "textAlign": "left",
              },
            ]
          }>
          Activity 3
        </Text>
      </View>
    </TouchableNativeFeedback>
  </ScrollView>
</View>
`;

exports[`Category should render the currently active tab 1`] = `
<View
  style={
    Array [
      Object {
        "backgroundColor": "#fff",
        "flex": 1,
      },
      undefined,
    ]
  }>
  <View
    style={
      Array [
        Object {
          "height": 72,
          "justifyContent": "center",
          "paddingLeft": 16,
          "paddingRight": 16,
        },
        Array [
          Object {
            "height": 64,
          },
          Object {
            "backgroundColor": "#97c13c",
          },
        ],
      ]
    }>
    <Text
      accessible={true}
      allowFontScaling={true}
      ellipsizeMode="tail"
      style={
        Array [
          Object {
            "color": "#003035",
            "fontFamily": "Brandon Text",
          },
          Object {
            "fontSize": 13,
            "textAlign": "center",
          },
          Array [
            Object {
              "fontFamily": "Brandon Text_medium",
              "fontSize": 20,
              "fontWeight": "400",
            },
            Object {
              "color": "#fff",
            },
          ],
        ]
      }>
      Level
    </Text>
    <TouchableNativeFeedback
      onPress={[Function]}>
      <View
        style={
          Array [
            Object {
              "position": "absolute",
              "top": 24,
            },
            Object {
              "top": 20,
            },
          ]
        }>
        <Image
          source={1}
          style={
            Array [
              Object {
                "height": 24,
                "width": 24,
              },
              Object {},
            ]
          } />
      </View>
    </TouchableNativeFeedback>
  </View>
  <View
    style={
      Array [
        Object {
          "flexDirection": "row",
          "height": 40,
        },
        Object {
          "backgroundColor": "#97c13c",
        },
      ]
    }>
    <TouchableNativeFeedback
      onPress={[Function]}
      tabId="TAB_ACTIVITIES">
      <View
        style={
          Array [
            Object {
              "flex": 1,
            },
            Object {
              "borderBottomColor": "rgba(0, 0, 0, 0.3)",
              "borderBottomWidth": 2,
            },
          ]
        }>
        <Text
          accessible={true}
          allowFontScaling={true}
          ellipsizeMode="tail"
          style={
            Array [
              Object {
                "color": "#003035",
                "fontFamily": "Brandon Text",
              },
              Object {
                "fontSize": 13,
                "textAlign": "center",
              },
              Array [
                Object {
                  "color": "#fff",
                  "fontFamily": "Brandon Text_medium",
                  "fontSize": 16,
                  "fontWeight": "400",
                  "opacity": 0.5,
                },
                Object {
                  "opacity": 1,
                },
              ],
            ]
          }>
          Activities
        </Text>
      </View>
    </TouchableNativeFeedback>
    <TouchableNativeFeedback
      onPress={[Function]}
      tabId="TAB_ABOUT">
      <View
        style={
          Array [
            Object {
              "flex": 1,
            },
            false,
          ]
        }>
        <Text
          accessible={true}
          allowFontScaling={true}
          ellipsizeMode="tail"
          style={
            Array [
              Object {
                "color": "#003035",
                "fontFamily": "Brandon Text",
              },
              Object {
                "fontSize": 13,
                "textAlign": "center",
              },
              Array [
                Object {
                  "color": "#fff",
                  "fontFamily": "Brandon Text_medium",
                  "fontSize": 16,
                  "fontWeight": "400",
                  "opacity": 0.5,
                },
                false,
              ],
            ]
          }>
          About
        </Text>
      </View>
    </TouchableNativeFeedback>
  </View>
  <ScrollView>
    <TouchableNativeFeedback
      onPress={[Function]}
      uid="activity:1">
      <View
        style={
          Object {
            "alignItems": "flex-start",
            "borderBottomColor": "#dfe5e6",
            "borderBottomWidth": 1,
            "height": 120,
            "padding": 16,
          }
        }>
        <View
          style={
            Object {
              "position": "absolute",
              "top": 24,
            }
          }>
          <View
            style={
              Array [
                Object {
                  "alignItems": "center",
                  "borderRadius": 72,
                  "height": 72,
                  "justifyContent": "center",
                  "width": 72,
                },
                Object {
                  "backgroundColor": "#ebebeb",
                },
              ]
            }>
            <Image
              source={1}
              style={
                Object {
                  "borderRadius": 72,
                  "height": 72,
                  "width": 72,
                }
              } />
          </View>
        </View>
        <Text
          accessible={true}
          allowFontScaling={true}
          ellipsizeMode="tail"
          numberOfLines={3}
          style={
            Array [
              Object {
                "color": "#003035",
                "fontFamily": "Brandon Text",
              },
              Object {
                "fontSize": 13,
                "textAlign": "center",
              },
              Object {
                "fontSize": 18,
                "marginLeft": 104,
                "textAlign": "left",
              },
            ]
          }>
          Activity 3
        </Text>
      </View>
    </TouchableNativeFeedback>
  </ScrollView>
</View>
`;

exports[`Category should render the currently active tab 2`] = `
<View
  style={
    Array [
      Object {
        "backgroundColor": "#fff",
        "flex": 1,
      },
      undefined,
    ]
  }>
  <View
    style={
      Array [
        Object {
          "height": 72,
          "justifyContent": "center",
          "paddingLeft": 16,
          "paddingRight": 16,
        },
        Array [
          Object {
            "height": 64,
          },
          Object {
            "backgroundColor": "#97c13c",
          },
        ],
      ]
    }>
    <Text
      accessible={true}
      allowFontScaling={true}
      ellipsizeMode="tail"
      style={
        Array [
          Object {
            "color": "#003035",
            "fontFamily": "Brandon Text",
          },
          Object {
            "fontSize": 13,
            "textAlign": "center",
          },
          Array [
            Object {
              "fontFamily": "Brandon Text_medium",
              "fontSize": 20,
              "fontWeight": "400",
            },
            Object {
              "color": "#fff",
            },
          ],
        ]
      }>
      Level
    </Text>
    <TouchableNativeFeedback
      onPress={[Function]}>
      <View
        style={
          Array [
            Object {
              "position": "absolute",
              "top": 24,
            },
            Object {
              "top": 20,
            },
          ]
        }>
        <Image
          source={1}
          style={
            Array [
              Object {
                "height": 24,
                "width": 24,
              },
              Object {},
            ]
          } />
      </View>
    </TouchableNativeFeedback>
  </View>
  <View
    style={
      Array [
        Object {
          "flexDirection": "row",
          "height": 40,
        },
        Object {
          "backgroundColor": "#97c13c",
        },
      ]
    }>
    <TouchableNativeFeedback
      onPress={[Function]}
      tabId="TAB_ACTIVITIES">
      <View
        style={
          Array [
            Object {
              "flex": 1,
            },
            Object {
              "borderBottomColor": "rgba(0, 0, 0, 0.3)",
              "borderBottomWidth": 2,
            },
          ]
        }>
        <Text
          accessible={true}
          allowFontScaling={true}
          ellipsizeMode="tail"
          style={
            Array [
              Object {
                "color": "#003035",
                "fontFamily": "Brandon Text",
              },
              Object {
                "fontSize": 13,
                "textAlign": "center",
              },
              Array [
                Object {
                  "color": "#fff",
                  "fontFamily": "Brandon Text_medium",
                  "fontSize": 16,
                  "fontWeight": "400",
                  "opacity": 0.5,
                },
                Object {
                  "opacity": 1,
                },
              ],
            ]
          }>
          Activities
        </Text>
      </View>
    </TouchableNativeFeedback>
    <TouchableNativeFeedback
      onPress={[Function]}
      tabId="TAB_ABOUT">
      <View
        style={
          Array [
            Object {
              "flex": 1,
            },
            false,
          ]
        }>
        <Text
          accessible={true}
          allowFontScaling={true}
          ellipsizeMode="tail"
          style={
            Array [
              Object {
                "color": "#003035",
                "fontFamily": "Brandon Text",
              },
              Object {
                "fontSize": 13,
                "textAlign": "center",
              },
              Array [
                Object {
                  "color": "#fff",
                  "fontFamily": "Brandon Text_medium",
                  "fontSize": 16,
                  "fontWeight": "400",
                  "opacity": 0.5,
                },
                false,
              ],
            ]
          }>
          About
        </Text>
      </View>
    </TouchableNativeFeedback>
  </View>
  <ScrollView>
    <TouchableNativeFeedback
      onPress={[Function]}
      uid="activity:1">
      <View
        style={
          Object {
            "alignItems": "flex-start",
            "borderBottomColor": "#dfe5e6",
            "borderBottomWidth": 1,
            "height": 120,
            "padding": 16,
          }
        }>
        <View
          style={
            Object {
              "position": "absolute",
              "top": 24,
            }
          }>
          <View
            style={
              Array [
                Object {
                  "alignItems": "center",
                  "borderRadius": 72,
                  "height": 72,
                  "justifyContent": "center",
                  "width": 72,
                },
                Object {
                  "backgroundColor": "#ebebeb",
                },
              ]
            }>
            <Image
              source={1}
              style={
                Object {
                  "borderRadius": 72,
                  "height": 72,
                  "width": 72,
                }
              } />
          </View>
        </View>
        <Text
          accessible={true}
          allowFontScaling={true}
          ellipsizeMode="tail"
          numberOfLines={3}
          style={
            Array [
              Object {
                "color": "#003035",
                "fontFamily": "Brandon Text",
              },
              Object {
                "fontSize": 13,
                "textAlign": "center",
              },
              Object {
                "fontSize": 18,
                "marginLeft": 104,
                "textAlign": "left",
              },
            ]
          }>
          Activity 3
        </Text>
      </View>
    </TouchableNativeFeedback>
  </ScrollView>
</View>
`;
