exports[`CallScheduled should render 1`] = `
<View
  style={
    Array [
      Object {
        "backgroundColor": "#fff",
        "flex": 1,
      },
      Object {
        "backgroundColor": "rgba(246, 111, 63, 0.95)",
      },
    ]
  }>
  <View
    style={
      Array [
        Object {
          "height": 72,
          "justifyContent": "center",
          "paddingLeft": 16,
          "paddingRight": 16,
        },
        Object {},
      ]
    }>
    <TouchableNativeFeedback
      onPress={[Function]}>
      <View
        style={
          Array [
            Object {
              "position": "absolute",
              "top": 24,
            },
            Object {},
          ]
        }>
        <Image
          source={1}
          style={
            Array [
              Object {
                "height": 24,
                "width": 24,
              },
              Object {},
            ]
          } />
      </View>
    </TouchableNativeFeedback>
  </View>
  <View
    style={
      Object {
        "alignItems": "center",
        "flex": 1,
        "paddingLeft": 24,
        "paddingRight": 24,
        "paddingTop": 64,
      }
    }>
    <Image
      source={1} />
    <Text
      accessible={true}
      allowFontScaling={true}
      ellipsizeMode="tail"
      style={
        Array [
          Object {
            "color": "#003035",
            "fontFamily": "Brandon Text",
          },
          Object {
            "fontSize": 13,
            "textAlign": "center",
          },
          Object {
            "color": undefined,
            "fontSize": 20,
          },
        ]
      }>
      Call Scheduled
    </Text>
  </View>
</View>
`;
