exports[`Reflections should render 1`] = `
<View
  style={
    Array [
      Object {
        "backgroundColor": "#fff",
        "flex": 1,
      },
      undefined,
    ]
  }>
  <Text
    accessible={true}
    allowFontScaling={true}
    ellipsizeMode="tail"
    style={
      Array [
        Object {
          "color": "#003035",
          "fontFamily": "Brandon Text",
        },
        Object {
          "fontSize": 13,
          "textAlign": "center",
        },
        Array [
          Object {
            "fontFamily": "Brandon Text_medium",
            "fontSize": 20,
            "fontWeight": "400",
          },
          Object {
            "margin": 25,
            "marginBottom": 50,
          },
        ],
      ]
    }>
    Please share your reflections of the discussion
  </Text>
  <View>
    <View
      style={
        Array [
          Object {
            "borderBottomWidth": 1,
            "borderColor": "#dfe5e6",
            "marginBottom": 27,
            "marginLeft": 24,
            "marginRight": 24,
          },
          false,
        ]
      }>
      <TextInput
        multiline={true}
        onBlur={[Function]}
        onChange={[Function]}
        onChangeText={[Function]}
        onFocus={[Function]}
        placeholder="Type your answer here"
        placeholderTextColor="#c0cbcc"
        style={
          Array [
            Object {
              "color": "#003035",
              "fontFamily": "Brandon Text",
              "fontSize": 18,
              "lineHeight": 28,
              "marginBottom": 8,
              "padding": 0,
            },
            Object {
              "height": 32,
            },
          ]
        }
        uid="input"
        underlineColorAndroid="transparent"
        value="Walk in Silence" />
    </View>
  </View>
  <View
    style={
      Object {
        "flex": 1,
        "justifyContent": "flex-end",
      }
    }>
    <View
      style={
        Object {
          "flexDirection": "row",
          "margin": 16,
        }
      }>
      <View
        style={
          Array [
            Object {
              "alignItems": "center",
              "borderRadius": 5,
              "justifyContent": "center",
              "marginHorizontal": 16,
              "paddingBottom": 17,
              "paddingTop": 15,
            },
            Object {
              "backgroundColor": "transparent",
              "borderColor": "#f77040",
              "borderWidth": 1,
            },
            Array [
              Object {
                "marginLeft": 0,
                "marginRight": 0,
              },
              Object {
                "marginRight": 16,
                "width": 58,
              },
            ],
            undefined,
            Array [
              Object {
                "borderColor": "#dfe5e6",
              },
              undefined,
            ],
          ]
        }>
        <Text
          accessible={true}
          allowFontScaling={true}
          ellipsizeMode="tail"
          style={
            Array [
              Object {
                "color": "#003035",
                "fontFamily": "Brandon Text",
              },
              Object {
                "fontSize": 13,
                "textAlign": "center",
              },
              Array [
                Object {
                  "fontFamily": "Brandon Text_bold",
                  "fontSize": 13,
                  "fontWeight": "bold",
                  "letterSpacing": 1,
                },
                Object {
                  "color": "#f77040",
                },
                undefined,
                Array [
                  Object {
                    "color": "#dfe5e6",
                  },
                  undefined,
                ],
              ],
            ]
          }>
          <Image
            source={1}
            style={
              Array [
                Object {
                  "height": 24,
                  "width": 24,
                },
                Object {},
              ]
            } />
        </Text>
      </View>
      <TouchableNativeFeedback
        onPress={[Function]}>
        <View
          style={
            Array [
              Object {
                "alignItems": "center",
                "borderRadius": 5,
                "justifyContent": "center",
                "marginHorizontal": 16,
                "paddingBottom": 17,
                "paddingTop": 15,
              },
              Object {
                "backgroundColor": "transparent",
                "borderColor": "#f77040",
                "borderWidth": 1,
              },
              Array [
                Object {
                  "marginLeft": 0,
                  "marginRight": 0,
                },
                Object {
                  "flex": 1,
                },
              ],
              undefined,
              false,
            ]
          }>
          <Text
            accessible={true}
            allowFontScaling={true}
            ellipsizeMode="tail"
            style={
              Array [
                Object {
                  "color": "#003035",
                  "fontFamily": "Brandon Text",
                },
                Object {
                  "fontSize": 13,
                  "textAlign": "center",
                },
                Array [
                  Object {
                    "fontFamily": "Brandon Text_bold",
                    "fontSize": 13,
                    "fontWeight": "bold",
                    "letterSpacing": 1,
                  },
                  Object {
                    "color": "#f77040",
                  },
                  undefined,
                  false,
                ],
              ]
            }>
            NEXT
          </Text>
        </View>
      </TouchableNativeFeedback>
    </View>
  </View>
</View>
`;
