exports[`ActivityList should render 1`] = `
<View
  style={
    Array [
      Object {
        "backgroundColor": "#fff",
        "flex": 1,
      },
      undefined,
    ]
  }>
  <View
    style={
      Array [
        Object {
          "height": 72,
          "justifyContent": "center",
          "paddingLeft": 16,
          "paddingRight": 16,
        },
        Object {
          "backgroundColor": "#97c13c",
        },
      ]
    }>
    <Text
      accessible={true}
      allowFontScaling={true}
      ellipsizeMode="tail"
      style={
        Array [
          Object {
            "color": "#003035",
            "fontFamily": "Brandon Text",
          },
          Object {
            "fontSize": 13,
            "textAlign": "center",
          },
          Array [
            Object {
              "fontFamily": "Brandon Text_medium",
              "fontSize": 20,
              "fontWeight": "400",
            },
            Object {
              "color": "#fff",
            },
          ],
        ]
      }>
      Level
    </Text>
    <TouchableNativeFeedback
      onPress={[Function]}>
      <View
        style={
          Array [
            Object {
              "position": "absolute",
              "top": 24,
            },
            Object {},
          ]
        }>
        <Image
          source={1}
          style={
            Array [
              Object {
                "height": 24,
                "width": 24,
              },
              Object {},
            ]
          } />
      </View>
    </TouchableNativeFeedback>
  </View>
  <ScrollView>
    <TouchableNativeFeedback
      onPress={[Function]}
      uid="activity:1">
      <View
        style={
          Object {
            "alignItems": "flex-start",
            "borderBottomColor": "#dfe5e6",
            "borderBottomWidth": 1,
            "height": 120,
            "padding": 16,
          }
        }>
        <View
          style={
            Object {
              "position": "absolute",
              "top": 24,
            }
          }>
          <View
            style={
              Array [
                Object {
                  "alignItems": "center",
                  "borderRadius": 72,
                  "height": 72,
                  "justifyContent": "center",
                  "width": 72,
                },
                Object {
                  "backgroundColor": "#ebebeb",
                },
              ]
            }>
            <Image
              source={1}
              style={
                Object {
                  "borderRadius": 72,
                  "height": 72,
                  "width": 72,
                }
              } />
          </View>
        </View>
        <Text
          accessible={true}
          allowFontScaling={true}
          ellipsizeMode="tail"
          numberOfLines={3}
          style={
            Array [
              Object {
                "color": "#003035",
                "fontFamily": "Brandon Text",
              },
              Object {
                "fontSize": 13,
                "textAlign": "center",
              },
              Object {
                "fontSize": 18,
                "marginLeft": 104,
                "textAlign": "left",
              },
            ]
          }>
          Activity 3
        </Text>
      </View>
    </TouchableNativeFeedback>
  </ScrollView>
</View>
`;
