exports[`ProfileSettings should render 1`] = `
<View
  style={
    Array [
      Object {
        "backgroundColor": "#fff",
        "flex": 1,
      },
      undefined,
    ]
  }>
  <View
    style={
      Array [
        Object {
          "height": 72,
          "justifyContent": "center",
          "paddingLeft": 16,
          "paddingRight": 16,
        },
        Object {},
      ]
    }>
    <Text
      accessible={true}
      allowFontScaling={true}
      ellipsizeMode="tail"
      style={
        Array [
          Object {
            "color": "#003035",
            "fontFamily": "Brandon Text",
          },
          Object {
            "fontSize": 13,
            "textAlign": "center",
          },
          Object {
            "fontFamily": "Brandon Text_medium",
            "fontSize": 20,
            "fontWeight": "400",
          },
        ]
      }>
      Settings
    </Text>
    <TouchableNativeFeedback
      onPress={[Function]}>
      <View
        style={
          Array [
            Object {
              "position": "absolute",
              "top": 24,
            },
            Object {},
          ]
        }>
        <Image
          source={1}
          style={
            Array [
              Object {
                "height": 24,
                "width": 24,
              },
              Object {},
            ]
          } />
      </View>
    </TouchableNativeFeedback>
  </View>
  <View
    style={
      Object {
        "paddingLeft": 24,
        "paddingRight": 24,
        "paddingTop": 3,
      }
    }>
    <View
      style={
        Object {
          "paddingBottom": 46,
        }
      }>
      <Text
        accessible={true}
        allowFontScaling={true}
        ellipsizeMode="tail"
        style={
          Array [
            Object {
              "color": "#003035",
              "fontFamily": "Brandon Text",
            },
            Object {
              "fontSize": 13,
              "textAlign": "center",
            },
            Array [
              Object {
                "color": "#9fb1b3",
                "fontFamily": "Brandon Text_bold",
                "fontSize": 12,
                "fontWeight": "bold",
                "letterSpacing": 1,
                "textAlign": "left",
              },
            ],
          ]
        }>
        YOUR ACCOUNT
      </Text>
      <TouchableNativeFeedback
        onPress={[Function]}>
        <View
          style={
            Object {
              "borderBottomColor": "#dfe5e6",
              "borderBottomWidth": 1,
            }
          }>
          <Text
            accessible={true}
            allowFontScaling={true}
            ellipsizeMode="tail"
            style={
              Array [
                Object {
                  "color": "#003035",
                  "fontFamily": "Brandon Text",
                },
                Object {
                  "fontSize": 13,
                  "textAlign": "center",
                },
                Array [
                  Object {
                    "fontFamily": "Brandon Text_medium",
                    "fontSize": 18,
                    "fontWeight": "400",
                    "textAlign": "left",
                  },
                  Object {
                    "paddingVertical": 30,
                  },
                ],
              ]
            }>
            View call notes
          </Text>
        </View>
      </TouchableNativeFeedback>
      <TouchableNativeFeedback
        onPress={[Function]}>
        <View
          style={
            Object {
              "borderBottomColor": "#dfe5e6",
              "borderBottomWidth": 1,
            }
          }>
          <Text
            accessible={true}
            allowFontScaling={true}
            ellipsizeMode="tail"
            style={
              Array [
                Object {
                  "color": "#003035",
                  "fontFamily": "Brandon Text",
                },
                Object {
                  "fontSize": 13,
                  "textAlign": "center",
                },
                Array [
                  Object {
                    "fontFamily": "Brandon Text_medium",
                    "fontSize": 18,
                    "fontWeight": "400",
                    "textAlign": "left",
                  },
                  Object {
                    "paddingVertical": 30,
                  },
                ],
              ]
            }>
            Sign Out
          </Text>
        </View>
      </TouchableNativeFeedback>
    </View>
  </View>
</View>
`;
