exports[`Loading should render 1`] = `
<View
  style={
    Array [
      Object {
        "backgroundColor": "#fff",
        "flex": 1,
      },
      Object {
        "backgroundColor": "rgba(246, 111, 63, 0.95)",
      },
    ]
  }>
  <View
    style={
      Array [
        Object {
          "height": 72,
          "justifyContent": "center",
          "paddingLeft": 16,
          "paddingRight": 16,
        },
        Object {},
      ]
    } />
  <View
    style={
      Object {
        "alignItems": "center",
        "flex": 1,
        "paddingTop": 64,
      }
    }>
    <Image
      source={1}
      style={
        Object {
          "height": 80,
          "transform": Array [
            Object {
              "rotate": "0deg",
            },
          ],
          "width": 80,
        }
      } />
    <Text
      accessible={true}
      allowFontScaling={true}
      ellipsizeMode="tail"
      style={
        Array [
          Object {
            "color": "#003035",
            "fontFamily": "Brandon Text",
          },
          Object {
            "fontSize": 13,
            "textAlign": "center",
          },
          Object {
            "color": undefined,
            "fontSize": 20,
          },
        ]
      }>
      Loading...
    </Text>
  </View>
</View>
`;
