exports[`Journey should render 1`] = `
<View
  style={
    Array [
      Object {
        "backgroundColor": "#fff",
        "flex": 1,
      },
      undefined,
    ]
  }>
  <View
    style={
      Array [
        Object {
          "height": 72,
          "justifyContent": "center",
          "paddingLeft": 16,
          "paddingRight": 16,
        },
        Object {
          "alignItems": "center",
          "flexDirection": "row",
          "justifyContent": "space-between",
        },
      ]
    }>
    <View
      style={
        Object {
          "alignItems": "flex-start",
        }
      }>
      <View
        style={
          Array [
            Object {
              "alignItems": "center",
              "backgroundColor": "#ffbcbc",
              "borderColor": "red",
              "borderWidth": 1,
              "height": 100,
              "justifyContent": "center",
              "margin": 10,
              "width": 300,
            },
            undefined,
          ]
        }>
        <Text
          accessible={true}
          allowFontScaling={true}
          ellipsizeMode="tail"
          style={
            Object {
              "color": "#333333",
              "margin": 20,
            }
          }>
          TouchableNativeFeedback is not supported on this platform!
        </Text>
      </View>
    </View>
    <View>
      <Image
        accessibilityComponentType={undefined}
        accessibilityLabel={undefined}
        accessibilityTraits={undefined}
        accessible={true}
        hitSlop={undefined}
        onLayout={undefined}
        onResponderGrant={[Function]}
        onResponderMove={[Function]}
        onResponderRelease={[Function]}
        onResponderTerminate={[Function]}
        onResponderTerminationRequest={[Function]}
        onStartShouldSetResponder={[Function]}
        source={1}
        style={undefined}
        testID={undefined} />
    </View>
  </View>
  <View
    style={
      Object {
        "flex": 1,
      }
    }>
    <View
      style={
        Object {
          "backgroundColor": "#eff2f2",
          "position": "absolute",
        }
      }
      uid="patterns">
      <Image
        source={1} />
      <Image
        source={1} />
    </View>
    <View
      onLayout={[Function]}
      style={
        Object {
          "flex": 1,
        }
      }
      uid="contentContainer">
      <ScrollView>
        <Image
          source={1}
          style={
            Object {
              "alignItems": "center",
              "flexDirection": "row",
              "height": 173,
              "justifyContent": "space-between",
              "resizeMode": "contain",
              "width": 375,
              "zIndex": 3,
            }
          }>
          <Image
            accessibilityComponentType={undefined}
            accessibilityLabel={undefined}
            accessibilityTraits={undefined}
            accessible={true}
            hitSlop={undefined}
            onLayout={undefined}
            onResponderGrant={[Function]}
            onResponderMove={[Function]}
            onResponderRelease={[Function]}
            onResponderTerminate={[Function]}
            onResponderTerminationRequest={[Function]}
            onStartShouldSetResponder={[Function]}
            source={1}
            style={
              Object {
                "height": 44,
                "marginLeft": 24,
                "marginRight": 24,
                "width": 44,
              }
            }
            testID={undefined} />
          <Image
            accessibilityComponentType={undefined}
            accessibilityLabel={undefined}
            accessibilityTraits={undefined}
            accessible={true}
            hitSlop={undefined}
            onLayout={undefined}
            onResponderGrant={[Function]}
            onResponderMove={[Function]}
            onResponderRelease={[Function]}
            onResponderTerminate={[Function]}
            onResponderTerminationRequest={[Function]}
            onStartShouldSetResponder={[Function]}
            source={1}
            style={
              Object {
                "height": 44,
                "marginLeft": 24,
                "marginRight": 24,
                "width": 44,
              }
            }
            testID={undefined} />
        </Image>
        <View
          style={
            Object {
              "flex": 1,
            }
          }>
          <View
            style={
              Object {
                "backgroundColor": "#fff",
                "borderRadius": 4,
                "margin": 24,
                "marginTop": 12,
                "padding": 20,
                "paddingLeft": 16,
                "paddingRight": 16,
              }
            }>
            <Text
              accessible={true}
              allowFontScaling={true}
              ellipsizeMode="tail"
              style={
                Array [
                  Object {
                    "color": "#003035",
                    "fontFamily": "Brandon Text",
                    "fontSize": 13,
                    "textAlign": "center",
                  },
                  Object {
                    "fontFamily": "Brandon Text_bold",
                    "fontSize": 20,
                    "fontWeight": "bold",
                    "marginBottom": 16,
                    "textAlign": "left",
                  },
                ]
              }>
              Hello 
              Rodger
              !
            </Text>
            <Text
              accessible={true}
              allowFontScaling={true}
              ellipsizeMode="tail"
              style={
                Array [
                  Object {
                    "color": "#003035",
                    "fontFamily": "Brandon Text",
                    "fontSize": 13,
                    "textAlign": "center",
                  },
                  Object {
                    "fontSize": 18,
                    "marginBottom": 24,
                    "textAlign": "left",
                  },
                ]
              }>
              This is the start of something amazing! Your Mentor’s journey will be documented here.
            </Text>
            <View
              style={
                Array [
                  Object {
                    "alignItems": "center",
                    "backgroundColor": "#ffbcbc",
                    "borderColor": "red",
                    "borderWidth": 1,
                    "height": 100,
                    "justifyContent": "center",
                    "margin": 10,
                    "width": 300,
                  },
                  undefined,
                ]
              }>
              <Text
                accessible={true}
                allowFontScaling={true}
                ellipsizeMode="tail"
                style={
                  Object {
                    "color": "#333333",
                    "margin": 20,
                  }
                }>
                TouchableNativeFeedback is not supported on this platform!
              </Text>
            </View>
          </View>
        </View>
      </ScrollView>
    </View>
  </View>
</View>
`;

exports[`Journey should render the current scheduled call to be started 1`] = `
<View
  style={
    Array [
      Object {
        "backgroundColor": "#fff",
        "flex": 1,
      },
      undefined,
    ]
  }>
  <View
    style={
      Array [
        Object {
          "height": 72,
          "justifyContent": "center",
          "paddingLeft": 16,
          "paddingRight": 16,
        },
        Object {
          "alignItems": "center",
          "flexDirection": "row",
          "justifyContent": "space-between",
        },
      ]
    }>
    <View
      style={
        Object {
          "alignItems": "flex-start",
        }
      }>
      <View
        style={
          Array [
            Object {
              "alignItems": "center",
              "backgroundColor": "#ffbcbc",
              "borderColor": "red",
              "borderWidth": 1,
              "height": 100,
              "justifyContent": "center",
              "margin": 10,
              "width": 300,
            },
            undefined,
          ]
        }>
        <Text
          accessible={true}
          allowFontScaling={true}
          ellipsizeMode="tail"
          style={
            Object {
              "color": "#333333",
              "margin": 20,
            }
          }>
          TouchableNativeFeedback is not supported on this platform!
        </Text>
      </View>
    </View>
    <View>
      <Image
        accessibilityComponentType={undefined}
        accessibilityLabel={undefined}
        accessibilityTraits={undefined}
        accessible={true}
        hitSlop={undefined}
        onLayout={undefined}
        onResponderGrant={[Function]}
        onResponderMove={[Function]}
        onResponderRelease={[Function]}
        onResponderTerminate={[Function]}
        onResponderTerminationRequest={[Function]}
        onStartShouldSetResponder={[Function]}
        source={1}
        style={undefined}
        testID={undefined} />
    </View>
  </View>
  <View
    style={
      Object {
        "flex": 1,
      }
    }>
    <View
      style={
        Object {
          "backgroundColor": "#eff2f2",
          "position": "absolute",
        }
      }
      uid="patterns">
      <Image
        source={1} />
      <Image
        source={1} />
    </View>
    <View
      onLayout={[Function]}
      style={
        Object {
          "flex": 1,
        }
      }
      uid="contentContainer">
      <ScrollView>
        <Image
          source={1}
          style={
            Object {
              "alignItems": "center",
              "flexDirection": "row",
              "height": 173,
              "justifyContent": "space-between",
              "resizeMode": "contain",
              "width": 375,
              "zIndex": 3,
            }
          }>
          <Image
            accessibilityComponentType={undefined}
            accessibilityLabel={undefined}
            accessibilityTraits={undefined}
            accessible={true}
            hitSlop={undefined}
            onLayout={undefined}
            onResponderGrant={[Function]}
            onResponderMove={[Function]}
            onResponderRelease={[Function]}
            onResponderTerminate={[Function]}
            onResponderTerminationRequest={[Function]}
            onStartShouldSetResponder={[Function]}
            source={1}
            style={
              Object {
                "height": 44,
                "marginLeft": 24,
                "marginRight": 24,
                "width": 44,
              }
            }
            testID={undefined} />
          <Image
            accessibilityComponentType={undefined}
            accessibilityLabel={undefined}
            accessibilityTraits={undefined}
            accessible={true}
            hitSlop={undefined}
            onLayout={undefined}
            onResponderGrant={[Function]}
            onResponderMove={[Function]}
            onResponderRelease={[Function]}
            onResponderTerminate={[Function]}
            onResponderTerminationRequest={[Function]}
            onStartShouldSetResponder={[Function]}
            source={1}
            style={
              Object {
                "height": 44,
                "marginLeft": 24,
                "marginRight": 24,
                "width": 44,
              }
            }
            testID={undefined} />
        </Image>
        <View
          style={
            Object {
              "flex": 1,
            }
          }>
          <View
            style={
              Object {
                "backgroundColor": "#fff",
                "borderRadius": 4,
                "margin": 24,
                "marginTop": 12,
                "padding": 20,
                "paddingLeft": 16,
                "paddingRight": 16,
              }
            }>
            <Text
              accessible={true}
              allowFontScaling={true}
              ellipsizeMode="tail"
              style={
                Array [
                  Object {
                    "color": "#003035",
                    "fontFamily": "Brandon Text",
                    "fontSize": 13,
                    "textAlign": "center",
                  },
                  Object {
                    "fontFamily": "Brandon Text_bold",
                    "fontSize": 20,
                    "fontWeight": "bold",
                    "marginBottom": 16,
                    "textAlign": "left",
                  },
                ]
              }>
              Hello 
              Rodger
              !
            </Text>
            <Text
              accessible={true}
              allowFontScaling={true}
              ellipsizeMode="tail"
              style={
                Array [
                  Object {
                    "color": "#003035",
                    "fontFamily": "Brandon Text",
                    "fontSize": 13,
                    "textAlign": "center",
                  },
                  Object {
                    "fontSize": 18,
                    "marginBottom": 24,
                    "textAlign": "left",
                  },
                ]
              }>
              This is the start of something amazing! Your Mentor’s journey will be documented here.
            </Text>
            <View
              style={
                Array [
                  Object {
                    "alignItems": "center",
                    "backgroundColor": "#ffbcbc",
                    "borderColor": "red",
                    "borderWidth": 1,
                    "height": 100,
                    "justifyContent": "center",
                    "margin": 10,
                    "width": 300,
                  },
                  undefined,
                ]
              }>
              <Text
                accessible={true}
                allowFontScaling={true}
                ellipsizeMode="tail"
                style={
                  Object {
                    "color": "#333333",
                    "margin": 20,
                  }
                }>
                TouchableNativeFeedback is not supported on this platform!
              </Text>
            </View>
          </View>
        </View>
      </ScrollView>
    </View>
  </View>
</View>
`;

exports[`Journey should render the next scheduled call 1`] = `
<View
  style={
    Array [
      Object {
        "backgroundColor": "#fff",
        "flex": 1,
      },
      undefined,
    ]
  }>
  <View
    style={
      Array [
        Object {
          "height": 72,
          "justifyContent": "center",
          "paddingLeft": 16,
          "paddingRight": 16,
        },
        Object {
          "alignItems": "center",
          "flexDirection": "row",
          "justifyContent": "space-between",
        },
      ]
    }>
    <View
      style={
        Object {
          "alignItems": "flex-start",
        }
      }>
      <View
        style={
          Array [
            Object {
              "alignItems": "center",
              "backgroundColor": "#ffbcbc",
              "borderColor": "red",
              "borderWidth": 1,
              "height": 100,
              "justifyContent": "center",
              "margin": 10,
              "width": 300,
            },
            undefined,
          ]
        }>
        <Text
          accessible={true}
          allowFontScaling={true}
          ellipsizeMode="tail"
          style={
            Object {
              "color": "#333333",
              "margin": 20,
            }
          }>
          TouchableNativeFeedback is not supported on this platform!
        </Text>
      </View>
    </View>
    <View>
      <Image
        accessibilityComponentType={undefined}
        accessibilityLabel={undefined}
        accessibilityTraits={undefined}
        accessible={true}
        hitSlop={undefined}
        onLayout={undefined}
        onResponderGrant={[Function]}
        onResponderMove={[Function]}
        onResponderRelease={[Function]}
        onResponderTerminate={[Function]}
        onResponderTerminationRequest={[Function]}
        onStartShouldSetResponder={[Function]}
        source={1}
        style={undefined}
        testID={undefined} />
    </View>
  </View>
  <View
    style={
      Object {
        "flex": 1,
      }
    }>
    <View
      style={
        Object {
          "backgroundColor": "#eff2f2",
          "position": "absolute",
        }
      }
      uid="patterns">
      <Image
        source={1} />
      <Image
        source={1} />
    </View>
    <View
      onLayout={[Function]}
      style={
        Object {
          "flex": 1,
        }
      }
      uid="contentContainer">
      <ScrollView>
        <Image
          source={1}
          style={
            Object {
              "alignItems": "center",
              "flexDirection": "row",
              "height": 173,
              "justifyContent": "space-between",
              "resizeMode": "contain",
              "width": 375,
              "zIndex": 3,
            }
          }>
          <Image
            accessibilityComponentType={undefined}
            accessibilityLabel={undefined}
            accessibilityTraits={undefined}
            accessible={true}
            hitSlop={undefined}
            onLayout={undefined}
            onResponderGrant={[Function]}
            onResponderMove={[Function]}
            onResponderRelease={[Function]}
            onResponderTerminate={[Function]}
            onResponderTerminationRequest={[Function]}
            onStartShouldSetResponder={[Function]}
            source={1}
            style={
              Object {
                "height": 44,
                "marginLeft": 24,
                "marginRight": 24,
                "width": 44,
              }
            }
            testID={undefined} />
          <Image
            accessibilityComponentType={undefined}
            accessibilityLabel={undefined}
            accessibilityTraits={undefined}
            accessible={true}
            hitSlop={undefined}
            onLayout={undefined}
            onResponderGrant={[Function]}
            onResponderMove={[Function]}
            onResponderRelease={[Function]}
            onResponderTerminate={[Function]}
            onResponderTerminationRequest={[Function]}
            onStartShouldSetResponder={[Function]}
            source={1}
            style={
              Object {
                "height": 44,
                "marginLeft": 24,
                "marginRight": 24,
                "width": 44,
              }
            }
            testID={undefined} />
        </Image>
        <View
          style={
            Object {
              "flex": 1,
            }
          }>
          <View
            style={
              Object {
                "backgroundColor": "#fff",
                "borderRadius": 4,
                "margin": 24,
                "marginTop": 12,
                "padding": 20,
                "paddingLeft": 16,
                "paddingRight": 16,
              }
            }>
            <Text
              accessible={true}
              allowFontScaling={true}
              ellipsizeMode="tail"
              style={
                Array [
                  Object {
                    "color": "#003035",
                    "fontFamily": "Brandon Text",
                    "fontSize": 13,
                    "textAlign": "center",
                  },
                  Object {
                    "fontFamily": "Brandon Text_bold",
                    "fontSize": 20,
                    "fontWeight": "bold",
                    "marginBottom": 16,
                    "textAlign": "left",
                  },
                ]
              }>
              Hello 
              Rodger
              !
            </Text>
            <Text
              accessible={true}
              allowFontScaling={true}
              ellipsizeMode="tail"
              style={
                Array [
                  Object {
                    "color": "#003035",
                    "fontFamily": "Brandon Text",
                    "fontSize": 13,
                    "textAlign": "center",
                  },
                  Object {
                    "fontSize": 18,
                    "marginBottom": 24,
                    "textAlign": "left",
                  },
                ]
              }>
              This is the start of something amazing! Your Mentor’s journey will be documented here.
            </Text>
            <View
              style={
                Array [
                  Object {
                    "alignItems": "center",
                    "backgroundColor": "#ffbcbc",
                    "borderColor": "red",
                    "borderWidth": 1,
                    "height": 100,
                    "justifyContent": "center",
                    "margin": 10,
                    "width": 300,
                  },
                  undefined,
                ]
              }>
              <Text
                accessible={true}
                allowFontScaling={true}
                ellipsizeMode="tail"
                style={
                  Object {
                    "color": "#333333",
                    "margin": 20,
                  }
                }>
                TouchableNativeFeedback is not supported on this platform!
              </Text>
            </View>
          </View>
        </View>
      </ScrollView>
    </View>
  </View>
</View>
`;
