exports[`Journey should map props correctly 1`] = `
<View
  style={
    Array [
      Object {
        "backgroundColor": "#fff",
        "flex": 1
      },
      undefined
    ]
  }>
  <View
    style={
      Array [
        Object {
          "height": 72,
          "justifyContent": "center",
          "paddingLeft": 16,
          "paddingRight": 16
        },
        Object {
          "alignItems": "flex-start"
        }
      ]
    }>
    <Text
      accessible={true}
      allowFontScaling={true}
      ellipsizeMode="tail"
      style={
        Array [
          Object {
            "color": "#003035",
            "fontFamily": "Brandon Text",
            "fontSize": 13,
            "textAlign": "center"
          },
          Object {
            "color": "#9fb1b3",
            "fontFamily": "Brandon Text_bold",
            "fontSize": 12,
            "fontWeight": "bold"
          }
        ]
      }>
      NEXT CALL
    </Text>
    <Text
      accessible={true}
      allowFontScaling={true}
      ellipsizeMode="tail"
      onPress={[Function noop]}
      style={
        Array [
          Object {
            "color": "#003035",
            "fontFamily": "Brandon Text",
            "fontSize": 13,
            "textAlign": "center"
          },
          Array [
            Object {
              "color": "#f77040",
              "fontSize": 14
            },
            Array [
              Object {
                "fontSize": 18
              },
              Object {
                "color": "#003035"
              }
            ]
          ]
        ]
      }>
      Saturday 15th, October 2016
    </Text>
  </View>
  <Image
    source={1}
    style={
      Object {
        "alignItems": "center",
        "backgroundColor": "#eff2f2",
        "flex": 0.4,
        "flexDirection": "row",
        "height": null,
        "justifyContent": "space-between",
        "resizeMode": "cover",
        "width": null,
        "zIndex": 3
      }
    }>
    <Image
      accessibilityComponentType={undefined}
      accessibilityLabel={undefined}
      accessibilityTraits={undefined}
      accessible={true}
      hitSlop={undefined}
      onLayout={undefined}
      onResponderGrant={[Function bound touchableHandleResponderGrant]}
      onResponderMove={[Function bound touchableHandleResponderMove]}
      onResponderRelease={[Function bound touchableHandleResponderRelease]}
      onResponderTerminate={[Function bound touchableHandleResponderTerminate]}
      onResponderTerminationRequest={[Function bound touchableHandleResponderTerminationRequest]}
      onStartShouldSetResponder={[Function bound touchableHandleStartShouldSetResponder]}
      source={1}
      style={
        Object {
          "height": 44,
          "marginLeft": 24,
          "marginRight": 24,
          "width": 44
        }
      }
      testID={undefined} />
    <Image
      accessibilityComponentType={undefined}
      accessibilityLabel={undefined}
      accessibilityTraits={undefined}
      accessible={true}
      hitSlop={undefined}
      onLayout={undefined}
      onResponderGrant={[Function bound touchableHandleResponderGrant]}
      onResponderMove={[Function bound touchableHandleResponderMove]}
      onResponderRelease={[Function bound touchableHandleResponderRelease]}
      onResponderTerminate={[Function bound touchableHandleResponderTerminate]}
      onResponderTerminationRequest={[Function bound touchableHandleResponderTerminationRequest]}
      onStartShouldSetResponder={[Function bound touchableHandleStartShouldSetResponder]}
      source={1}
      style={
        Object {
          "height": 44,
          "marginLeft": 24,
          "marginRight": 24,
          "width": 44
        }
      }
      testID={undefined} />
  </Image>
  <View
    style={
      Object {
        "backgroundColor": "#eff2f2",
        "flex": 0.6
      }
    }>
    <View
      style={
        Object {
          "flex": 1
        }
      }>
      <Image
        source={1}
        style={
          Object {
            "flex": 1,
            "height": null,
            "resizeMode": "cover",
            "width": null
          }
        }>
        <ScrollView>
          <View>
            <View
              style={
                Object {
                  "alignSelf": "center",
                  "backgroundColor": "#eff2f2",
                  "borderColor": "#dfe5e6",
                  "borderRadius": 12.5,
                  "borderWidth": 0.5,
                  "marginBottom": 24,
                  "padding": 10,
                  "paddingBottom": 7,
                  "paddingTop": 5
                }
              }>
              <Text
                accessible={true}
                allowFontScaling={true}
                ellipsizeMode="tail"
                style={
                  Array [
                    Object {
                      "color": "#003035",
                      "fontFamily": "Brandon Text",
                      "fontSize": 13,
                      "textAlign": "center"
                    },
                    Object {
                      "color": "#9fb1b3",
                      "fontSize": 11
                    }
                  ]
                }>
                6 days ago
              </Text>
            </View>
            <View
              style={
                Object {
                  "alignItems": "flex-start",
                  "backgroundColor": "#fff",
                  "borderRadius": 4,
                  "flexDirection": "row",
                  "margin": 24,
                  "marginTop": 0,
                  "padding": 20,
                  "paddingLeft": 16,
                  "paddingRight": 16
                }
              }>
              <View
                style={
                  Object {
                    "backgroundColor": "#999",
                    "borderRadius": 28,
                    "height": 56,
                    "marginRight": 16,
                    "width": 56
                  }
                }>
                <Image
                  source={1} />
              </View>
              <View
                style={
                  Object {
                    "flex": 1,
                    "flexDirection": "column"
                  }
                }>
                <Text
                  accessible={true}
                  allowFontScaling={true}
                  ellipsizeMode="tail"
                  style={
                    Array [
                      Object {
                        "color": "#003035",
                        "fontFamily": "Brandon Text",
                        "fontSize": 13,
                        "textAlign": "center"
                      },
                      Object {
                        "color": "#003035",
                        "fontFamily": "Brandon Text_bold",
                        "fontSize": 16,
                        "fontWeight": "bold",
                        "textAlign": "left"
                      }
                    ]
                  }>
                  Call scheduled
                </Text>
                <Text
                  accessible={true}
                  allowFontScaling={true}
                  ellipsizeMode="tail"
                  style={
                    Array [
                      Object {
                        "color": "#003035",
                        "fontFamily": "Brandon Text",
                        "fontSize": 13,
                        "textAlign": "center"
                      },
                      Object {
                        "color": "#80979a",
                        "fontSize": 15,
                        "textAlign": "left"
                      }
                    ]
                  }>
                  Friday 16th, September 2016
                </Text>
              </View>
            </View>
          </View>
        </ScrollView>
      </Image>
    </View>
  </View>
</View>
`;
